// Vitest Snapshot v1

exports[`Test pattern tool > Should do nothing without options 1`] = `[]`;

exports[`Test pattern tool > Should validate a simple object 1`] = `
[
  {
    "failed": [
      "/^[a-z]+$/",
    ],
    "key": "abOut",
    "path": [
      "abOut",
    ],
  },
  {
    "failed": [
      "/^[a-z]+$/",
    ],
    "key": "1next",
    "path": [
      "home",
      "1next",
    ],
  },
  {
    "failed": [
      "/^[a-z]+$/",
    ],
    "key": "heaDer",
    "path": [
      "home",
      "welcome",
      "heaDer",
    ],
  },
]
`;
